Copyright 1986-2022 Xilinx, Inc. All Rights Reserved. Copyright 2022-2024 Advanced Micro Devices, Inc. All Rights Reserved.
---------------------------------------------------------------------------------------------------------------------------------------------
| Tool Version : Vivado v.2024.2 (lin64) Build 5239630 Fri Nov 08 22:34:34 MST 2024
| Date         : Wed Mar 19 03:52:25 2025
| Host         : vivado running 64-bit Ubuntu 24.04.1 LTS
| Command      : report_high_fanout_nets -file /home/azureuser/btreeBlock/verilog/delete/3/vivado/reports/high_fanout_nets.rpt
| Design       : delete
| Device       : xc7a50t
---------------------------------------------------------------------------------------------------------------------------------------------

High Fan-out Nets Information

1. Summary
----------

+------------------------------+--------+-------------+
| Net Name                     | Fanout | Driver Type |
+------------------------------+--------+-------------+
| reset_IBUF                   |   1584 | IBUF        |
| opCodeMap[2]                 |   1124 | LUT6        |
| nR[25]_i_6_n_0               |   1123 | LUT6        |
| bL_StuckSA_Memory[0]_i_2_n_0 |   1114 | LUT6        |
| opCodeMap[1]                 |   1114 | LUT6        |
| opCodeMap[3]                 |    916 | LUT6        |
| p_48_in[171]                 |    733 | FDRE        |
| p_48_in[170]                 |    729 | FDRE        |
| p_48_in[172]                 |    341 | FDRE        |
| T_reg_n_0_[122]              |    290 | FDRE        |
+------------------------------+--------+-------------+


