Copyright 1986-2022 Xilinx, Inc. All Rights Reserved. Copyright 2022-2024 Advanced Micro Devices, Inc. All Rights Reserved.
---------------------------------------------------------------------------------------------------------------------------------------------
| Tool Version : Vivado v.2024.2 (lin64) Build 5239630 Fri Nov 08 22:34:34 MST 2024
| Date         : Mon Feb 24 20:20:09 2025
| Host         : vivado running 64-bit Ubuntu 24.04.1 LTS
| Command      : report_high_fanout_nets -file /home/azureuser/btreeBlock/verilog/find/vivado/reports//fanout.rpt
| Design       : find
| Device       : xc7v2000t
---------------------------------------------------------------------------------------------------------------------------------------------

High Fan-out Nets Information

1. Summary
----------

+----------------------------------------------------------+--------+-------------+
| Net Name                                                 | Fanout | Driver Type |
+----------------------------------------------------------+--------+-------------+
| branch_0_StuckSA_Memory_Based_45_base_offset_reg_n_0_[3] |    201 | FDRE        |
| branch_0_StuckSA_Memory_Based_45_base_offset_reg_n_0_[0] |    189 | FDRE        |
| branch_0_StuckSA_Memory_Based_45_base_offset_reg_n_0_[4] |    186 | FDRE        |
| branch_0_StuckSA_Memory_Based_45_base_offset_reg_n_0_[5] |    186 | FDRE        |
| branch_0_StuckSA_Memory_Based_45_base_offset_reg_n_0_[6] |    174 | FDRE        |
| branch_0_StuckSA_Memory_Based_45_base_offset_reg_n_0_[7] |    169 | FDRE        |
| branch_0_StuckSA_Memory_Based_45_base_offset_reg_n_0_[2] |    146 | FDRE        |
| leaf_0_StuckSA_Memory_Based_57_base_offset[3]            |    110 | FDRE        |
| leaf_0_StuckSA_Memory_Based_57_base_offset[6]            |    105 | FDRE        |
| leaf_0_StuckSA_Memory_Based_57_base_offset[2]            |    101 | FDRE        |
+----------------------------------------------------------+--------+-------------+


