Copyright 1986-2022 Xilinx, Inc. All Rights Reserved. Copyright 2022-2024 Advanced Micro Devices, Inc. All Rights Reserved.
---------------------------------------------------------------------------------------------------------------------------------------------
| Tool Version : Vivado v.2024.2 (lin64) Build 5239630 Fri Nov 08 22:34:34 MST 2024
| Date         : Sun Mar 16 21:35:26 2025
| Host         : vivado running 64-bit Ubuntu 24.04.1 LTS
| Command      : report_high_fanout_nets -file /home/azureuser/btreeBlock/verilog/find/vivado/reports/high_fanout_nets.rpt
| Design       : find
| Device       : xc7a50t
---------------------------------------------------------------------------------------------------------------------------------------------

High Fan-out Nets Information

1. Summary
----------

+-------------------------------+--------+-------------+
| Net Name                      | Fanout | Driver Type |
+-------------------------------+--------+-------------+
| reset_IBUF                    |     87 | IBUF        |
| opCodeMap[3]                  |     25 | LUT5        |
| nT[37]_i_1_n_0                |     22 | LUT5        |
| sel0[3]                       |     22 | FDRE        |
| bT_StuckSA_Memory[32]_i_1_n_0 |     21 | LUT5        |
| sel0[2]                       |     21 | FDRE        |
| sel0[0]                       |     20 | FDRE        |
| sel0[1]                       |     20 | FDRE        |
| lT_StuckSA_Memory[20]_i_1_n_0 |     17 | LUT5        |
| step_reg_n_0_[3]              |     15 | FDRE        |
+-------------------------------+--------+-------------+


