Copyright 1986-2022 Xilinx, Inc. All Rights Reserved. Copyright 2022-2024 Advanced Micro Devices, Inc. All Rights Reserved.
---------------------------------------------------------------------------------------------------------------------------------------------
| Tool Version : Vivado v.2024.2 (lin64) Build 5239630 Fri Nov 08 22:34:34 MST 2024
| Date         : Sat Mar  1 22:59:55 2025
| Host         : vivado running 64-bit Ubuntu 24.04.1 LTS
| Command      : report_timing_summary -file /home/azureuser/btreeBlock/verilog/find/vivado/reports/timing_route.rpt
| Design       : find
| Device       : 7v2000t-flg1925
| Speed File   : -1  PRODUCTION 1.10 2014-09-11
| Design State : Routed
---------------------------------------------------------------------------------------------------------------------------------------------

Timing Summary Report

------------------------------------------------------------------------------------------------
| Timer Settings
| --------------
------------------------------------------------------------------------------------------------

  Enable Multi Corner Analysis               :  Yes
  Enable Pessimism Removal                   :  Yes
  Pessimism Removal Resolution               :  Nearest Common Node
  Enable Input Delay Default Clock           :  No
  Enable Preset / Clear Arcs                 :  No
  Disable Flight Delays                      :  No
  Ignore I/O Paths                           :  No
  Timing Early Launch at Borrowing Latches   :  No
  Borrow Time for Max Delay Exceptions       :  Yes
  Merge Timing Exceptions                    :  Yes
  Inter-SLR Compensation                     :  Conservative

  Corner  Analyze    Analyze    
  Name    Max Paths  Min Paths  
  ------  ---------  ---------  
  Slow    Yes        Yes        
  Fast    Yes        Yes        


------------------------------------------------------------------------------------------------
| Report Methodology
| ------------------
------------------------------------------------------------------------------------------------

Rule       Severity  Description                    Violations  
---------  --------  -----------------------------  ----------  
TIMING-18  Warning   Missing input or output delay  7           

Note: This report is based on the most recent report_methodology run and may not be up-to-date. Run report_methodology on the current design for the latest report.



check_timing report

Table of Contents
-----------------
1. checking no_clock (0)
2. checking constant_clock (0)
3. checking pulse_width_clock (0)
4. checking unconstrained_internal_endpoints (0)
5. checking no_input_delay (1)
6. checking no_output_delay (5)
7. checking multiple_clock (0)
8. checking generated_clocks (0)
9. checking loops (0)
10. checking partial_input_delay (0)
11. checking partial_output_delay (0)
12. checking latch_loops (0)

1. checking no_clock (0)
------------------------
 There are 0 register/latch pins with no clock.


2. checking constant_clock (0)
------------------------------
 There are 0 register/latch pins with constant_clock.


3. checking pulse_width_clock (0)
---------------------------------
 There are 0 register/latch pins which need pulse_width check


4. checking unconstrained_internal_endpoints (0)
------------------------------------------------
 There are 0 pins that are not constrained for maximum delay.

 There are 0 pins that are not constrained for maximum delay due to constant clock.


5. checking no_input_delay (1)
------------------------------
 There is 1 input port with no input delay specified. (HIGH)

 There are 0 input ports with no input delay but user has a false path constraint.


6. checking no_output_delay (5)
-------------------------------
 There are 5 ports with no output delay specified. (HIGH)

 There are 0 ports with no output delay but user has a false path constraint

 There are 0 ports with no output delay but with a timing clock defined on it or propagating through it


7. checking multiple_clock (0)
------------------------------
 There are 0 register/latch pins with multiple clocks.


8. checking generated_clocks (0)
--------------------------------
 There are 0 generated clocks that are not connected to a clock source.


9. checking loops (0)
---------------------
 There are 0 combinational loops in the design.


10. checking partial_input_delay (0)
------------------------------------
 There are 0 input ports with partial input delay specified.


11. checking partial_output_delay (0)
-------------------------------------
 There are 0 ports with partial output delay specified.


12. checking latch_loops (0)
----------------------------
 There are 0 combinational latch loops in the design through latch input



------------------------------------------------------------------------------------------------
| Design Timing Summary
| ---------------------
------------------------------------------------------------------------------------------------

    WNS(ns)      TNS(ns)  TNS Failing Endpoints  TNS Total Endpoints      WHS(ns)      THS(ns)  THS Failing Endpoints  THS Total Endpoints     WPWS(ns)     TPWS(ns)  TPWS Failing Endpoints  TPWS Total Endpoints  
    -------      -------  ---------------------  -------------------      -------      -------  ---------------------  -------------------     --------     --------  ----------------------  --------------------  
     97.664        0.000                      0                   11        0.126        0.000                      0                   11       49.600        0.000                       0                    15  


All user specified timing constraints are met.


------------------------------------------------------------------------------------------------
| Clock Summary
| -------------
------------------------------------------------------------------------------------------------

Clock  Waveform(ns)         Period(ns)      Frequency(MHz)
-----  ------------         ----------      --------------
clock  {0.000 50.000}       100.000         10.000          


------------------------------------------------------------------------------------------------
| Intra Clock Table
| -----------------
------------------------------------------------------------------------------------------------

Clock             WNS(ns)      TNS(ns)  TNS Failing Endpoints  TNS Total Endpoints      WHS(ns)      THS(ns)  THS Failing Endpoints  THS Total Endpoints     WPWS(ns)     TPWS(ns)  TPWS Failing Endpoints  TPWS Total Endpoints  
-----             -------      -------  ---------------------  -------------------      -------      -------  ---------------------  -------------------     --------     --------  ----------------------  --------------------  
clock              97.664        0.000                      0                   11        0.126        0.000                      0                   11       49.600        0.000                       0                    15  


------------------------------------------------------------------------------------------------
| Inter Clock Table
| -----------------
------------------------------------------------------------------------------------------------

From Clock    To Clock          WNS(ns)      TNS(ns)  TNS Failing Endpoints  TNS Total Endpoints      WHS(ns)      THS(ns)  THS Failing Endpoints  THS Total Endpoints  
----------    --------          -------      -------  ---------------------  -------------------      -------      -------  ---------------------  -------------------  


------------------------------------------------------------------------------------------------
| Other Path Groups Table
| -----------------------
------------------------------------------------------------------------------------------------

Path Group    From Clock    To Clock          WNS(ns)      TNS(ns)  TNS Failing Endpoints  TNS Total Endpoints      WHS(ns)      THS(ns)  THS Failing Endpoints  THS Total Endpoints  
----------    ----------    --------          -------      -------  ---------------------  -------------------      -------      -------  ---------------------  -------------------  


------------------------------------------------------------------------------------------------
| Timing Details
| --------------
------------------------------------------------------------------------------------------------


---------------------------------------------------------------------------------------------------
From Clock:  clock
  To Clock:  clock

Setup :            0  Failing Endpoints,  Worst Slack       97.664ns,  Total Violation        0.000ns
Hold  :            0  Failing Endpoints,  Worst Slack        0.126ns,  Total Violation        0.000ns
PW    :            0  Failing Endpoints,  Worst Slack       49.600ns,  Total Violation        0.000ns
---------------------------------------------------------------------------------------------------


Max Delay Paths
--------------------------------------------------------------------------------------
Slack (MET) :             97.664ns  (required time - arrival time)
  Source:                 opCodeMap_reg[16][0]/C
                            (rising edge-triggered cell FDSE clocked by clock  {rise@0.000ns fall@50.000ns period=100.000ns})
  Destination:            stopped_reg/CE
                            (rising edge-triggered cell FDRE clocked by clock  {rise@0.000ns fall@50.000ns period=100.000ns})
  Path Group:             clock
  Path Type:              Setup (Max at Slow Process Corner)
  Requirement:            100.000ns  (clock rise@100.000ns - clock rise@0.000ns)
  Data Path Delay:        2.039ns  (logic 0.492ns (24.135%)  route 1.547ns (75.865%))
  Logic Levels:           2  (LUT3=1 LUT4=1)
  Clock Path Skew:        -0.018ns (DCD - SCD + CPR)
    Destination Clock Delay (DCD):    5.012ns = ( 105.012 - 100.000 ) 
    Source Clock Delay      (SCD):    5.532ns
    Clock Pessimism Removal (CPR):    0.501ns
  Clock Uncertainty:      0.035ns  ((TSJ^2 + TIJ^2)^1/2 + DJ) / 2 + PE
    Total System Jitter     (TSJ):    0.071ns
    Total Input Jitter      (TIJ):    0.000ns
    Discrete Jitter          (DJ):    0.000ns
    Phase Error              (PE):    0.000ns

    Location             Delay type                Incr(ns)  Path(ns)    Netlist Resource(s)
  -------------------------------------------------------------------    -------------------
                         (clock clock rise edge)      0.000     0.000 r  
    BB39                                              0.000     0.000 r  clock (IN)
                         net (fo=0)                   0.000     0.000    clock
    BB39                 IBUF (Prop_ibuf_I_O)         0.741     0.741 r  clock_IBUF_inst/O
                         net (fo=1, routed)           2.299     3.040    clock__0
    BUFGCTRL_X0Y0        BUFG (Prop_bufg_I_O)         0.120     3.160 r  clock__0_BUFG_inst/O
                         net (fo=14, routed)          2.372     5.532    clock__0_BUFG
    SLR Crossing[0->2]   
    SLICE_X396Y310       FDSE                                         r  opCodeMap_reg[16][0]/C
  -------------------------------------------------------------------    -------------------
    SLICE_X396Y310       FDSE (Prop_fdse_C_Q)         0.282     5.814 f  opCodeMap_reg[16][0]/Q
                         net (fo=2, routed)           0.601     6.415    p_16_in[0]
    SLICE_X397Y310       LUT3 (Prop_lut3_I0_O)        0.157     6.572 f  stopped_i_3/O
                         net (fo=2, routed)           0.467     7.038    p_0_in__0[0]
    SLICE_X397Y310       LUT4 (Prop_lut4_I1_O)        0.053     7.091 r  stopped_i_1/O
                         net (fo=2, routed)           0.479     7.570    stopped__0
    SLICE_X397Y310       FDRE                                         r  stopped_reg/CE
  -------------------------------------------------------------------    -------------------

                         (clock clock rise edge)    100.000   100.000 r  
    BB39                                              0.000   100.000 r  clock (IN)
                         net (fo=0)                   0.000   100.000    clock
    BB39                 IBUF (Prop_ibuf_I_O)         0.615   100.615 r  clock_IBUF_inst/O
                         net (fo=1, routed)           2.193   102.808    clock__0
    BUFGCTRL_X0Y0        BUFG (Prop_bufg_I_O)         0.113   102.921 r  clock__0_BUFG_inst/O
                         net (fo=14, routed)          2.091   105.012    clock__0_BUFG
    SLR Crossing[0->2]   
    SLICE_X397Y310       FDRE                                         r  stopped_reg/C
                         clock pessimism              0.501   105.514    
                         clock uncertainty           -0.035   105.478    
    SLICE_X397Y310       FDRE (Setup_fdre_C_CE)      -0.244   105.234    stopped_reg
  -------------------------------------------------------------------
                         required time                        105.234    
                         arrival time                          -7.570    
  -------------------------------------------------------------------
                         slack                                 97.664    





Min Delay Paths
--------------------------------------------------------------------------------------
Slack (MET) :             0.126ns  (arrival time - required time)
  Source:                 opCodeMap_reg[16][3]/C
                            (rising edge-triggered cell FDSE clocked by clock  {rise@0.000ns fall@50.000ns period=100.000ns})
  Destination:            opCodeMap_reg[16][3]/D
                            (rising edge-triggered cell FDSE clocked by clock  {rise@0.000ns fall@50.000ns period=100.000ns})
  Path Group:             clock
  Path Type:              Hold (Min at Fast Process Corner)
  Requirement:            0.000ns  (clock rise@0.000ns - clock rise@0.000ns)
  Data Path Delay:        0.166ns  (logic 0.100ns (60.122%)  route 0.066ns (39.878%))
  Logic Levels:           0  
  Clock Path Skew:        0.000ns (DCD - SCD - CPR)
    Destination Clock Delay (DCD):    2.661ns
    Source Clock Delay      (SCD):    2.131ns
    Clock Pessimism Removal (CPR):    0.529ns

    Location             Delay type                Incr(ns)  Path(ns)    Netlist Resource(s)
  -------------------------------------------------------------------    -------------------
                         (clock clock rise edge)      0.000     0.000 r  
    BB39                                              0.000     0.000 r  clock (IN)
                         net (fo=0)                   0.000     0.000    clock
    BB39                 IBUF (Prop_ibuf_I_O)         0.141     0.141 r  clock_IBUF_inst/O
                         net (fo=1, routed)           0.948     1.089    clock__0
    BUFGCTRL_X0Y0        BUFG (Prop_bufg_I_O)         0.026     1.115 r  clock__0_BUFG_inst/O
                         net (fo=14, routed)          1.016     2.131    clock__0_BUFG
    SLR Crossing[0->2]   
    SLICE_X397Y309       FDSE                                         r  opCodeMap_reg[16][3]/C
  -------------------------------------------------------------------    -------------------
    SLICE_X397Y309       FDSE (Prop_fdse_C_Q)         0.100     2.231 r  opCodeMap_reg[16][3]/Q
                         net (fo=2, routed)           0.066     2.298    p_16_in[3]
    SLICE_X397Y309       FDSE                                         r  opCodeMap_reg[16][3]/D
  -------------------------------------------------------------------    -------------------

                         (clock clock rise edge)      0.000     0.000 r  
    BB39                                              0.000     0.000 r  clock (IN)
                         net (fo=0)                   0.000     0.000    clock
    BB39                 IBUF (Prop_ibuf_I_O)         0.308     0.308 r  clock_IBUF_inst/O
                         net (fo=1, routed)           1.021     1.329    clock__0
    BUFGCTRL_X0Y0        BUFG (Prop_bufg_I_O)         0.030     1.359 r  clock__0_BUFG_inst/O
                         net (fo=14, routed)          1.302     2.661    clock__0_BUFG
    SLR Crossing[0->2]   
    SLICE_X397Y309       FDSE                                         r  opCodeMap_reg[16][3]/C
                         clock pessimism             -0.529     2.131    
    SLICE_X397Y309       FDSE (Hold_fdse_C_D)         0.040     2.171    opCodeMap_reg[16][3]
  -------------------------------------------------------------------
                         required time                         -2.171    
                         arrival time                           2.298    
  -------------------------------------------------------------------
                         slack                                  0.126    





Pulse Width Checks
--------------------------------------------------------------------------------------
Clock Name:         clock
Waveform(ns):       { 0.000 50.000 }
Period(ns):         100.000
Sources:            { clock }

Check Type        Corner  Lib Pin  Reference Pin  Required(ns)  Actual(ns)  Slack(ns)  Location        Pin
Min Period        n/a     BUFG/I   n/a            1.600         100.000     98.400     BUFGCTRL_X0Y0   clock__0_BUFG_inst/I
Low Pulse Width   Slow    FDRE/C   n/a            0.400         50.000      49.600     SLICE_X396Y310  opCodeMap_reg[0][0]/C
High Pulse Width  Slow    FDRE/C   n/a            0.350         50.000      49.650     SLICE_X398Y316  T_10_reg[22]/C



