Copyright 1986-2022 Xilinx, Inc. All Rights Reserved. Copyright 2022-2024 Advanced Micro Devices, Inc. All Rights Reserved.
---------------------------------------------------------------------------------------------------------------------------------------------
| Tool Version : Vivado v.2024.2 (lin64) Build 5239630 Fri Nov 08 22:34:34 MST 2024
| Date         : Sun Mar 16 21:50:51 2025
| Host         : vivado running 64-bit Ubuntu 24.04.1 LTS
| Command      : report_design_analysis -file /home/azureuser/btreeBlock/verilog/put/vivado/reports/design_analysis.rpt
| Design       : put
| Device       : xc7a50t
| Design State : Synthesized
---------------------------------------------------------------------------------------------------------------------------------------------

Report Design Analysis

Table of Contents
-----------------
1. Setup Path Characteristics 1-1
2. Logic Level Distribution
3. Placer Final Level Congestion Reporting
4. SLR Net Crossing Reporting

1. Setup Path Characteristics 1-1
---------------------------------

+---------------------------+--------------------------------------------------------------------------------------------------------------------------------------+
|      Characteristics      |                                                                Path #1                                                               |
+---------------------------+--------------------------------------------------------------------------------------------------------------------------------------+
| Requirement               | 100.000                                                                                                                              |
| Path Delay                | 7.827                                                                                                                                |
| Logic Delay               | 1.639(21%)                                                                                                                           |
| Net Delay                 | 6.188(79%)                                                                                                                           |
| Clock Skew                | -0.145                                                                                                                               |
| Slack                     | 92.023                                                                                                                               |
| Clock Uncertainty         | 0.035                                                                                                                                |
| Clock Relationship        | Timed                                                                                                                                |
| Clock Delay Group         | Same Clock                                                                                                                           |
| Logic Levels              | 12                                                                                                                                   |
| Routes                    | NA                                                                                                                                   |
| Logical Path              | FDRE/C-(114)-LUT3-(1)-LUT6-(1)-LUT6-(10)-LUT6-(121)-LUT6-(1)-LUT6-(1)-LUT6-(65)-LUT3-(14)-LUT6-(1)-LUT6-(1)-LUT6-(1)-LUT5-(1)-FDRE/D |
| Start Point Clock         | clock                                                                                                                                |
| End Point Clock           | clock                                                                                                                                |
| DSP Block                 | None                                                                                                                                 |
| RAM Registers             | None-None                                                                                                                            |
| IO Crossings              | 0                                                                                                                                    |
| Config Crossings          | 0                                                                                                                                    |
| SLR Crossings             | 0                                                                                                                                    |
| PBlocks                   | 0                                                                                                                                    |
| High Fanout               | 121                                                                                                                                  |
| Dont Touch                | 0                                                                                                                                    |
| Mark Debug                | 0                                                                                                                                    |
| Start Point Pin Primitive | FDRE/C                                                                                                                               |
| End Point Pin Primitive   | FDRE/D                                                                                                                               |
| Start Point Pin           | step_reg[1]/C                                                                                                                        |
| End Point Pin             | step_reg[1]/D                                                                                                                        |
+---------------------------+--------------------------------------------------------------------------------------------------------------------------------------+
* Bounding box calculated as % of dimensions for the target device (188, 300)


2. Logic Level Distribution
---------------------------

+-----------------+-------------+-----+-----+----+----+----+----+
| End Point Clock | Requirement |  8  |  9  | 10 | 11 | 12 | 13 |
+-----------------+-------------+-----+-----+----+----+----+----+
| clock           | 100.000ns   | 102 | 797 | 41 | 42 |  9 |  9 |
+-----------------+-------------+-----+-----+----+----+----+----+
* Columns represent the logic levels per end point clock
** Distribution is for top worst 1000 paths


3. Placer Final Level Congestion Reporting
------------------------------------------

+-----------+------+-------+------------+--------+---------------+---------------+-----+--------+------+------+------+-----+-------+-----+------------+
| Direction | Type | Level | Congestion | Window | Combined LUTs | Avg LUT Input | LUT | LUTRAM | Flop | MUXF | RAMB | DSP | CARRY | SRL | Cell Names |
+-----------+------+-------+------------+--------+---------------+---------------+-----+--------+------+------+------+-----+-------+-----+------------+
* The design has not been placed, hence congestion data is not available. The command report_design_analysis -congestion should be run only after place_design has completed.


4. SLR Net Crossing Reporting
-----------------------------

+------------+-----------------------------+
| Cell Names | Number of Nets crossing SLR |
+------------+-----------------------------+
* The current part is not an SSI device


