Copyright 1986-2022 Xilinx, Inc. All Rights Reserved. Copyright 2022-2024 Advanced Micro Devices, Inc. All Rights Reserved.
---------------------------------------------------------------------------------------------------------------------------------------------
| Tool Version : Vivado v.2024.2 (lin64) Build 5239630 Fri Nov 08 22:34:34 MST 2024
| Date         : Tue Mar 25 21:28:39 2025
| Host         : vivado running 64-bit Ubuntu 24.04.1 LTS
| Command      : report_design_analysis -file /home/azureuser/btreeBlock/verilog/put/1/vivado/reports/design_analysis.rpt
| Design       : put
| Device       : xc7z020
| Design State : Synthesized
---------------------------------------------------------------------------------------------------------------------------------------------

Report Design Analysis

Table of Contents
-----------------
1. Setup Path Characteristics 1-1
2. Logic Level Distribution
3. Placer Final Level Congestion Reporting
4. SLR Net Crossing Reporting

1. Setup Path Characteristics 1-1
---------------------------------

+---------------------------+-------------------------+
|      Characteristics      |         Path #1         |
+---------------------------+-------------------------+
| Requirement               | 11.200                  |
| Path Delay                | 3.351                   |
| Logic Delay               | 2.780(83%)              |
| Net Delay                 | 0.571(17%)              |
| Clock Skew                | -2.021                  |
| Slack                     | 3.793                   |
| Clock Uncertainty         | 0.035                   |
| Clock Relationship        | Timed                   |
| Clock Delay Group         | Same Clock              |
| Logic Levels              | 1                       |
| Routes                    | NA                      |
| Logical Path              | FDRE/C-(1)-OBUF/data[2] |
| Start Point Clock         | clock                   |
| End Point Clock           | clock                   |
| DSP Block                 | None                    |
| RAM Registers             | None-None               |
| IO Crossings              | 0                       |
| Config Crossings          | 0                       |
| SLR Crossings             | 0                       |
| PBlocks                   | 0                       |
| High Fanout               | 1                       |
| Dont Touch                | 0                       |
| Mark Debug                | 0                       |
| Start Point Pin Primitive | FDRE/C                  |
| End Point Pin Primitive   | data[2]                 |
| Start Point Pin           | T_reg[30]/C             |
| End Point Pin             | data[2]                 |
+---------------------------+-------------------------+
* Bounding box calculated as % of dimensions for the target device (308, 299)


2. Logic Level Distribution
---------------------------

+-----------------+-------------+---+-----+-----+----+----+----+----+----+
| End Point Clock | Requirement | 1 |  7  |  8  |  9 | 10 | 11 | 12 | 13 |
+-----------------+-------------+---+-----+-----+----+----+----+----+----+
| clock           | 11.200ns    | 6 | 104 | 763 | 55 | 12 |  8 | 44 |  8 |
+-----------------+-------------+---+-----+-----+----+----+----+----+----+
* Columns represent the logic levels per end point clock
** Distribution is for top worst 1000 paths


3. Placer Final Level Congestion Reporting
------------------------------------------

+-----------+------+-------+------------+--------+---------------+---------------+-----+--------+------+------+------+-----+-------+-----+------------+
| Direction | Type | Level | Congestion | Window | Combined LUTs | Avg LUT Input | LUT | LUTRAM | Flop | MUXF | RAMB | DSP | CARRY | SRL | Cell Names |
+-----------+------+-------+------------+--------+---------------+---------------+-----+--------+------+------+------+-----+-------+-----+------------+
* The design has not been placed, hence congestion data is not available. The command report_design_analysis -congestion should be run only after place_design has completed.


4. SLR Net Crossing Reporting
-----------------------------

+------------+-----------------------------+
| Cell Names | Number of Nets crossing SLR |
+------------+-----------------------------+
* The current part is not an SSI device


