Copyright 1986-2022 Xilinx, Inc. All Rights Reserved. Copyright 2022-2024 Advanced Micro Devices, Inc. All Rights Reserved.
---------------------------------------------------------------------------------------------------------------------------------------------
| Tool Version : Vivado v.2024.2 (lin64) Build 5239630 Fri Nov 08 22:34:34 MST 2024
| Date         : Sun Feb 23 19:44:31 2025
| Host         : vivado running 64-bit Ubuntu 24.04.1 LTS
| Command      : report_high_fanout_nets -file /home/azureuser/btreeBlock/verilog/put/vivado/reports//fanout.rpt
| Design       : put
| Device       : xc7v2000t
---------------------------------------------------------------------------------------------------------------------------------------------

High Fan-out Nets Information

1. Summary
----------

+----------------------------------------------------------+--------+-------------+
| Net Name                                                 | Fanout | Driver Type |
+----------------------------------------------------------+--------+-------------+
| opCodeMap[4]                                             |  13269 | MUXF7       |
| opCodeMap[5]                                             |  12363 | MUXF7       |
| opCodeMap[1]                                             |  10407 | MUXF7       |
| opCodeMap[7]                                             |   9304 | MUXF7       |
| opCodeMap[2]                                             |   9268 | MUXF7       |
| branch_1_StuckSA_Transaction_84_reg_n_0_[44]             |   7722 | FDRE        |
| M_77_reg[706]_i_16_n_0                                   |   7469 | MUXF7       |
| branch_1_StuckSA_Transaction_84_reg_n_0_[43]             |   6917 | FDRE        |
| opCodeMap[3]                                             |   6614 | MUXF7       |
| branch_2_StuckSA_Memory_Based_85_base_offset_reg_n_0_[9] |   5014 | FDRE        |
+----------------------------------------------------------+--------+-------------+


