Copyright 1986-2022 Xilinx, Inc. All Rights Reserved. Copyright 2022-2024 Advanced Micro Devices, Inc. All Rights Reserved.
---------------------------------------------------------------------------------------------------------------------------------------------
| Tool Version : Vivado v.2024.2 (lin64) Build 5239630 Fri Nov 08 22:34:34 MST 2024
| Date         : Tue Mar 25 21:28:43 2025
| Host         : vivado running 64-bit Ubuntu 24.04.1 LTS
| Command      : report_high_fanout_nets -file /home/azureuser/btreeBlock/verilog/put/1/vivado/reports/high_fanout_nets.rpt
| Design       : put
| Device       : xc7z020
---------------------------------------------------------------------------------------------------------------------------------------------

High Fan-out Nets Information

1. Summary
----------

+------------------------------------+--------+-------------+
| Net Name                           | Fanout | Driver Type |
+------------------------------------+--------+-------------+
| reset_IBUF                         |   1764 | IBUF        |
| lT_StuckSA_Transaction[60]_i_3_n_0 |   1191 | LUT6        |
| opCodeMap[2]                       |   1191 | LUT6        |
| nL[43]_i_10_n_0                    |   1102 | LUT6        |
| opCodeMap[1]                       |   1102 | LUT6        |
| lT_StuckSA_Transaction[60]_i_2_n_0 |   1100 | LUT6        |
| M[707]_i_4_n_0                     |    716 | LUT6        |
| M[30]_i_3_n_0                      |    704 | LUT2        |
| M[671]_i_26_n_0                    |    660 | LUT3        |
| M[693]_i_18_n_0                    |    660 | LUT2        |
+------------------------------------+--------+-------------+


