Copyright 1986-2022 Xilinx, Inc. All Rights Reserved. Copyright 2022-2024 Advanced Micro Devices, Inc. All Rights Reserved.
---------------------------------------------------------------------------------------------------------------------------------------------
| Tool Version : Vivado v.2024.2 (lin64) Build 5239630 Fri Nov 08 22:34:34 MST 2024
| Date         : Sun Mar 16 04:42:24 2025
| Host         : vivado running 64-bit Ubuntu 24.04.1 LTS
| Command      : report_high_fanout_nets -file /home/azureuser/btreeBlock/verilog/delete/vivado/reports/high_fanout_nets.rpt
| Design       : delete
| Device       : xc7v2000t
---------------------------------------------------------------------------------------------------------------------------------------------

High Fan-out Nets Information

1. Summary
----------

+------------+--------+-------------+
| Net Name   | Fanout | Driver Type |
+------------+--------+-------------+
| clock_IBUF |      1 | IBUF        |
| reset_IBUF |      1 | IBUF        |
| stop_OBUF  |      1 | FDRE        |
+------------+--------+-------------+


