Copyright 1986-2022 Xilinx, Inc. All Rights Reserved. Copyright 2022-2024 Advanced Micro Devices, Inc. All Rights Reserved.
---------------------------------------------------------------------------------------------------------------------------------------------
| Tool Version : Vivado v.2024.2 (lin64) Build 5239630 Fri Nov 08 22:34:34 MST 2024
| Date         : Tue Mar 25 21:17:22 2025
| Host         : vivado running 64-bit Ubuntu 24.04.1 LTS
| Command      : report_high_fanout_nets -file /home/azureuser/btreeBlock/verilog/delete/3/vivado/reports/high_fanout_nets.rpt
| Design       : delete
| Device       : xc7z020
---------------------------------------------------------------------------------------------------------------------------------------------

High Fan-out Nets Information

1. Summary
----------

+-----------------------------+--------+-------------+
| Net Name                    | Fanout | Driver Type |
+-----------------------------+--------+-------------+
| reset_IBUF                  |   1566 | IBUF        |
| p_48_in[171]                |   1395 | FDRE        |
| p_48_in[170]                |   1366 | FDRE        |
| M[0]_i_11_n_0               |    884 | LUT3        |
| bR_StuckSA_Copy[38]_i_2_n_0 |    858 | LUT6        |
| bR_StuckSA_Copy[38]_i_3_n_0 |    833 | LUT6        |
| nT[24]_i_2_n_0              |    833 | LUT6        |
| M[511]_i_9_n_0              |    814 | LUT3        |
| M[3]_i_2_n_0                |    806 | LUT5        |
| opCodeMap[1]                |    806 | LUT5        |
+-----------------------------+--------+-------------+


