case__28: 
case__51: 
datapath__8: 
case__52: 
logic__8: 
reg__5: 
case__6: 
logic__26: 
reg__1: 
dsp48e1__5: 
case__45: 
muxpart__10: 
case__8: 
case__18: 
case__40: 
case__32: 
dsp48e1__1: 
case__17: 
logic__25: 
reg__6: 
case__12: 
case__50: 
datapath__10: 
case__41: 
reg__2: 
case__49: 
case__5: 
case__31: 
reg__3: 
datapath__11: 
muxpart__7: 
case__43: 
case__16: 
case__48: 
datapath__9: 
logic__13: 
dsp48e1__2: 
case__11: 
case__9: 
case__30: 
case__7: 
case__2: 
case__10: 
logic__21: 
logic__22: 
dsp48e1: 
datapath__4: 
case__25: 
case__20: 
case__23: 
muxpart__9: 
datapath__7: 
find: 
case__36: 
case: 
reg: 
case__39: 
reg__4: 
muxpart__5: 
case__4: 
muxpart__6: 
case__21: 
datapath__2: 
logic__9: 
muxpart__3: 
muxpart__11: 
case__53: 
dsp48e1__3: 
case__13: 
case__24: 
case__3: 
logic__14: 
case__37: 
case__26: 
datapath__5: 
case__19: 
datapath__1: 
dsp48e1__6: 
case__22: 
muxpart: 
logic: 
case__15: 
dsp48e1__4: 
datapath__6: 
datapath__3: 
muxpart__1: 
logic__4: 
case__47: 
case__33: 
datapath: 
case__1: 
case__46: 
case__38: 
logic__17: 
case__35: 
